This is pdfTeX, Version 3.141592653-2.6-1.40.24 (TeX Live 2022) (preloaded format=pdflatex 2023.2.15)  26 SEP 2026 12:52
entering extended mode
 restricted \write18 enabled.
 file:line:error style messages enabled.
 %&-line parsing enabled.
**/Users/edward/orca/workspaces/TFM-Playground/slot-attention/paper/iclr2027/manuscript.tex
(/Users/edward/orca/workspaces/TFM-Playground/slot-attention/paper/iclr2027/manuscript.tex
LaTeX2e <2021-11-15> patch level 1
L3 programming layer <2022-02-24> (/usr/local/texlive/2022/texmf-dist/tex/latex/base/article.cls
Document Class: article 2021/10/04 v1.4n Standard LaTeX document class
(/usr/local/texlive/2022/texmf-dist/tex/latex/base/size10.clo
File: size10.clo 2021/10/04 v1.4n Standard LaTeX file (size option)
)
\c@part=\count185
\c@section=\count186
\c@subsection=\count187
\c@subsubsection=\count188
\c@paragraph=\count189
\c@subparagraph=\count190
\c@figure=\count191
\c@table=\count192
\abovecaptionskip=\skip47
\belowcaptionskip=\skip48
\bibindent=\dimen138
) (./iclr2027_conference.sty (/usr/local/texlive/2022/texmf-dist/tex/latex/eso-pic/eso-pic.sty
Package: eso-pic 2020/10/14 v3.0a eso-pic (RN)
\ESO@tempdima=\dimen139
\ESO@tempdimb=\dimen140
 (/usr/local/texlive/2022/texmf-dist/tex/latex/graphics/keyval.sty
Package: keyval 2014/10/28 v1.15 key=value parser (DPC)
\KV@toks@=\toks16
) (/usr/local/texlive/2022/texmf-dist/tex/latex/xcolor/xcolor.sty
Package: xcolor 2021/10/31 v2.13 LaTeX color extensions (UK)
 (/usr/local/texlive/2022/texmf-dist/tex/latex/graphics-cfg/color.cfg
File: color.cfg 2016/01/02 v1.6 sample color configuration
)
Package xcolor Info: Driver file: pdftex.def on input line 227.
 (/usr/local/texlive/2022/texmf-dist/tex/latex/graphics-def/pdftex.def
File: pdftex.def 2020/10/05 v1.2a Graphics/color driver for pdftex
)
Package xcolor Info: Model `cmy' substituted by `cmy0' on input line 1352.
Package xcolor Info: Model `hsb' substituted by `rgb' on input line 1356.
Package xcolor Info: Model `RGB' extended on input line 1368.
Package xcolor Info: Model `HTML' substituted by `rgb' on input line 1370.
Package xcolor Info: Model `Hsb' substituted by `hsb' on input line 1371.
Package xcolor Info: Model `tHsb' substituted by `hsb' on input line 1372.
Package xcolor Info: Model `HSB' substituted by `hsb' on input line 1373.
Package xcolor Info: Model `Gray' substituted by `gray' on input line 1374.
Package xcolor Info: Model `wave' substituted by `hsb' on input line 1375.
)) (./fancyhdr.sty
\fancy@headwidth=\skip49
\f@ncyO@elh=\skip50
\f@ncyO@erh=\skip51
\f@ncyO@olh=\skip52
\f@ncyO@orh=\skip53
\f@ncyO@elf=\skip54
\f@ncyO@erf=\skip55
\f@ncyO@olf=\skip56
\f@ncyO@orf=\skip57
) (./natbib.sty
Package: natbib 2009/07/16 8.31 (PWD, AO)
\bibhang=\skip58
\bibsep=\skip59
LaTeX Info: Redefining \cite on input line 694.
\c@NAT@ctr=\count193
)
\iclrrulerbox=\box50
\iclrrulercount=\count194
\iclrruleroffset=\dimen141
\cv@lineheight=\dimen142
\cv@boxheight=\dimen143
\cv@tmpbox=\box51
\cv@refno=\count195
\cv@tot=\count196
\cv@tmpc@=\count197
\cv@tmpc=\count198
) (/usr/local/texlive/2022/texmf-dist/tex/latex/psnfss/times.sty
Package: times 2020/03/25 PSNFSS-v9.3 (SPQR) 
) (./math_commands.tex (/usr/local/texlive/2022/texmf-dist/tex/latex/amsmath/amsmath.sty
Package: amsmath 2021/10/15 v2.17l AMS math features
\@mathmargin=\skip60

For additional information on amsmath, use the `?' option.
(/usr/local/texlive/2022/texmf-dist/tex/latex/amsmath/amstext.sty
Package: amstext 2021/08/26 v2.01 AMS text
 (/usr/local/texlive/2022/texmf-dist/tex/latex/amsmath/amsgen.sty
File: amsgen.sty 1999/11/30 v2.0 generic functions
\@emptytoks=\toks17
\ex@=\dimen144
)) (/usr/local/texlive/2022/texmf-dist/tex/latex/amsmath/amsbsy.sty
Package: amsbsy 1999/11/29 v1.2d Bold Symbols
\pmbraise@=\dimen145
) (/usr/local/texlive/2022/texmf-dist/tex/latex/amsmath/amsopn.sty
Package: amsopn 2021/08/26 v2.02 operator names
)
\inf@bad=\count199
LaTeX Info: Redefining \frac on input line 234.
\uproot@=\count266
\leftroot@=\count267
LaTeX Info: Redefining \overline on input line 399.
\classnum@=\count268
\DOTSCASE@=\count269
LaTeX Info: Redefining \ldots on input line 496.
LaTeX Info: Redefining \dots on input line 499.
LaTeX Info: Redefining \cdots on input line 620.
\Mathstrutbox@=\box52
\strutbox@=\box53
\big@size=\dimen146
LaTeX Font Info:    Redeclaring font encoding OML on input line 743.
LaTeX Font Info:    Redeclaring font encoding OMS on input line 744.
\macc@depth=\count270
\c@MaxMatrixCols=\count271
\dotsspace@=\muskip16
\c@parentequation=\count272
\dspbrk@lvl=\count273
\tag@help=\toks18
\row@=\count274
\column@=\count275
\maxfields@=\count276
\andhelp@=\toks19
\eqnshift@=\dimen147
\alignsep@=\dimen148
\tagshift@=\dimen149
\tagwidth@=\dimen150
\totwidth@=\dimen151
\lineht@=\dimen152
\@envbody=\toks20
\multlinegap=\skip61
\multlinetaggap=\skip62
\mathdisplay@stack=\toks21
LaTeX Info: Redefining \[ on input line 2938.
LaTeX Info: Redefining \] on input line 2939.
) (/usr/local/texlive/2022/texmf-dist/tex/latex/amsfonts/amsfonts.sty
Package: amsfonts 2013/01/14 v3.01 Basic AMSFonts support
\symAMSa=\mathgroup4
\symAMSb=\mathgroup5
LaTeX Font Info:    Redeclaring math symbol \hbar on input line 98.
LaTeX Font Info:    Overwriting math alphabet `\mathfrak' in version `bold'
(Font)                  U/euf/m/n --> U/euf/b/n on input line 106.
) (/usr/local/texlive/2022/texmf-dist/tex/latex/tools/bm.sty
Package: bm 2021/04/25 v1.2e Bold Symbol Support (DPC/FMi)
\symboldoperators=\mathgroup6
\symboldletters=\mathgroup7
\symboldsymbols=\mathgroup8
Package bm Info: No bold for \OMX/cmex/m/n, using \pmb.
Package bm Info: No bold for \U/msa/m/n, using \pmb.
Package bm Info: No bold for \U/msb/m/n, using \pmb.
LaTeX Font Info:    Redeclaring math alphabet \mathbf on input line 149.
)
LaTeX Font Info:    Overwriting math alphabet `\mathsfit' in version `bold'
(Font)                  OT1/phv/m/sl --> OT1/phv/bx/n on input line 314.
) (/usr/local/texlive/2022/texmf-dist/tex/latex/graphics/graphicx.sty
Package: graphicx 2021/09/16 v1.2d Enhanced LaTeX Graphics (DPC,SPQR)
 (/usr/local/texlive/2022/texmf-dist/tex/latex/graphics/graphics.sty
Package: graphics 2021/03/04 v1.4d Standard LaTeX Graphics (DPC,SPQR)
 (/usr/local/texlive/2022/texmf-dist/tex/latex/graphics/trig.sty
Package: trig 2021/08/11 v1.11 sin cos tan (DPC)
) (/usr/local/texlive/2022/texmf-dist/tex/latex/graphics-cfg/graphics.cfg
File: graphics.cfg 2016/06/04 v1.11 sample graphics configuration
)
Package graphics Info: Driver file: pdftex.def on input line 107.
)
\Gin@req@height=\dimen153
\Gin@req@width=\dimen154
) (/usr/local/texlive/2022/texmf-dist/tex/latex/booktabs/booktabs.sty
Package: booktabs 2020/01/12 v1.61803398 Publication quality tables
\heavyrulewidth=\dimen155
\lightrulewidth=\dimen156
\cmidrulewidth=\dimen157
\belowrulesep=\dimen158
\belowbottomsep=\dimen159
\aboverulesep=\dimen160
\abovetopsep=\dimen161
\cmidrulesep=\dimen162
\cmidrulekern=\dimen163
\defaultaddspace=\dimen164
\@cmidla=\count277
\@cmidlb=\count278
\@aboverulesep=\dimen165
\@belowrulesep=\dimen166
\@thisruleclass=\count279
\@lastruleclass=\count280
\@thisrulewidth=\dimen167
) (/usr/local/texlive/2022/texmf-dist/tex/latex/tools/array.sty
Package: array 2021/10/04 v2.5f Tabular extension package (FMi)
\col@sep=\dimen168
\ar@mcellbox=\box54
\extrarowheight=\dimen169
\NC@list=\toks22
\extratabsurround=\skip63
\backup@length=\skip64
\ar@cellbox=\box55
) (/usr/local/texlive/2022/texmf-dist/tex/latex/tools/longtable.sty
Package: longtable 2021-09-01 v4.17 Multi-page Table package (DPC)
\LTleft=\skip65
\LTright=\skip66
\LTpre=\skip67
\LTpost=\skip68
\LTchunksize=\count281
\LTcapwidth=\dimen170
\LT@head=\box56
\LT@firsthead=\box57
\LT@foot=\box58
\LT@lastfoot=\box59
\LT@gbox=\box60
\LT@cols=\count282
\LT@rows=\count283
\c@LT@tables=\count284
\c@LT@chunks=\count285
\LT@p@ftn=\toks23
) (/usr/local/texlive/2022/texmf-dist/tex/latex/placeins/placeins.sty
Package: placeins 2005/04/18  v 2.2
) (/usr/local/texlive/2022/texmf-dist/tex/latex/hyperref/hyperref.sty
Package: hyperref 2022-02-21 v7.00n Hypertext links for LaTeX
 (/usr/local/texlive/2022/texmf-dist/tex/generic/ltxcmds/ltxcmds.sty
Package: ltxcmds 2020-05-10 v1.25 LaTeX kernel commands for general use (HO)
) (/usr/local/texlive/2022/texmf-dist/tex/generic/iftex/iftex.sty
Package: iftex 2022/02/03 v1.0f TeX engine tests
) (/usr/local/texlive/2022/texmf-dist/tex/generic/pdftexcmds/pdftexcmds.sty
Package: pdftexcmds 2020-06-27 v0.33 Utility functions of pdfTeX for LuaTeX (HO)
 (/usr/local/texlive/2022/texmf-dist/tex/generic/infwarerr/infwarerr.sty
Package: infwarerr 2019/12/03 v1.5 Providing info/warning/error messages (HO)
)
Package pdftexcmds Info: \pdf@primitive is available.
Package pdftexcmds Info: \pdf@ifprimitive is available.
Package pdftexcmds Info: \pdfdraftmode found.
) (/usr/local/texlive/2022/texmf-dist/tex/generic/kvsetkeys/kvsetkeys.sty
Package: kvsetkeys 2019/12/15 v1.18 Key value parser (HO)
) (/usr/local/texlive/2022/texmf-dist/tex/generic/kvdefinekeys/kvdefinekeys.sty
Package: kvdefinekeys 2019-12-19 v1.6 Define keys (HO)
) (/usr/local/texlive/2022/texmf-dist/tex/generic/pdfescape/pdfescape.sty
Package: pdfescape 2019/12/09 v1.15 Implements pdfTeX's escape features (HO)
) (/usr/local/texlive/2022/texmf-dist/tex/latex/hycolor/hycolor.sty
Package: hycolor 2020-01-27 v1.10 Color options for hyperref/bookmark (HO)
) (/usr/local/texlive/2022/texmf-dist/tex/latex/letltxmacro/letltxmacro.sty
Package: letltxmacro 2019/12/03 v1.6 Let assignment for LaTeX macros (HO)
) (/usr/local/texlive/2022/texmf-dist/tex/latex/auxhook/auxhook.sty
Package: auxhook 2019-12-17 v1.6 Hooks for auxiliary files (HO)
) (/usr/local/texlive/2022/texmf-dist/tex/latex/kvoptions/kvoptions.sty
Package: kvoptions 2020-10-07 v3.14 Key value format for package options (HO)
)
\@linkdim=\dimen171
\Hy@linkcounter=\count286
\Hy@pagecounter=\count287
 (/usr/local/texlive/2022/texmf-dist/tex/latex/hyperref/pd1enc.def
File: pd1enc.def 2022-02-21 v7.00n Hyperref: PDFDocEncoding definition (HO)
Now handling font encoding PD1 ...
... no UTF-8 mapping file for font encoding PD1
) (/usr/local/texlive/2022/texmf-dist/tex/generic/intcalc/intcalc.sty
Package: intcalc 2019/12/15 v1.3 Expandable calculations with integers (HO)
) (/usr/local/texlive/2022/texmf-dist/tex/generic/etexcmds/etexcmds.sty
Package: etexcmds 2019/12/15 v1.7 Avoid name clashes with e-TeX commands (HO)
)
\Hy@SavedSpaceFactor=\count288
 (/usr/local/texlive/2022/texmf-dist/tex/latex/hyperref/puenc.def
File: puenc.def 2022-02-21 v7.00n Hyperref: PDF Unicode definition (HO)
Now handling font encoding PU ...
... no UTF-8 mapping file for font encoding PU
)
Package hyperref Info: Hyper figures OFF on input line 4137.
Package hyperref Info: Link nesting OFF on input line 4142.
Package hyperref Info: Hyper index ON on input line 4145.
Package hyperref Info: Plain pages OFF on input line 4152.
Package hyperref Info: Backreferencing OFF on input line 4157.
Package hyperref Info: Implicit mode ON; LaTeX internals redefined.
Package hyperref Info: Bookmarks ON on input line 4390.
\c@Hy@tempcnt=\count289
 (/usr/local/texlive/2022/texmf-dist/tex/latex/url/url.sty
\Urlmuskip=\muskip17
Package: url 2013/09/16  ver 3.4  Verb mode for urls, etc.
)
LaTeX Info: Redefining \url on input line 4749.
\XeTeXLinkMargin=\dimen172
 (/usr/local/texlive/2022/texmf-dist/tex/generic/bitset/bitset.sty
Package: bitset 2019/12/09 v1.3 Handle bit-vector datatype (HO)
 (/usr/local/texlive/2022/texmf-dist/tex/generic/bigintcalc/bigintcalc.sty
Package: bigintcalc 2019/12/15 v1.5 Expandable calculations on big integers (HO)
))
\Fld@menulength=\count290
\Field@Width=\dimen173
\Fld@charsize=\dimen174
Package hyperref Info: Hyper figures OFF on input line 6027.
Package hyperref Info: Link nesting OFF on input line 6032.
Package hyperref Info: Hyper index ON on input line 6035.
Package hyperref Info: backreferencing OFF on input line 6042.
Package hyperref Info: Link coloring OFF on input line 6047.
Package hyperref Info: Link coloring with OCG OFF on input line 6052.
Package hyperref Info: PDF/A mode OFF on input line 6057.
LaTeX Info: Redefining \ref on input line 6097.
LaTeX Info: Redefining \pageref on input line 6101.
 (/usr/local/texlive/2022/texmf-dist/tex/latex/base/atbegshi-ltx.sty
Package: atbegshi-ltx 2021/01/10 v1.0c Emulation of the original atbegshi
package with kernel methods
)
\Hy@abspage=\count291
\c@Item=\count292
\c@Hfootnote=\count293
)
Package hyperref Info: Driver (autodetected): hpdftex.
 (/usr/local/texlive/2022/texmf-dist/tex/latex/hyperref/hpdftex.def
File: hpdftex.def 2022-02-21 v7.00n Hyperref driver for pdfTeX
 (/usr/local/texlive/2022/texmf-dist/tex/latex/base/atveryend-ltx.sty
Package: atveryend-ltx 2020/08/19 v1.0a Emulation of the original atveryend package
with kernel methods
)
\Fld@listcount=\count294
\c@bookmark@seq@number=\count295
 (/usr/local/texlive/2022/texmf-dist/tex/latex/rerunfilecheck/rerunfilecheck.sty
Package: rerunfilecheck 2019/12/05 v1.9 Rerun checks for auxiliary files (HO)
 (/usr/local/texlive/2022/texmf-dist/tex/generic/uniquecounter/uniquecounter.sty
Package: uniquecounter 2019/12/15 v1.4 Provide unlimited unique counter (HO)
)
Package uniquecounter Info: New unique counter `rerunfilecheck' on input line 286.
)
\Hy@SectionHShift=\skip69
)
LaTeX Font Info:    Trying to load font information for OT1+ptm on input line 13.
 (/usr/local/texlive/2022/texmf-dist/tex/latex/psnfss/ot1ptm.fd
File: ot1ptm.fd 2001/06/04 font definitions for OT1/ptm.
) (/usr/local/texlive/2022/texmf-dist/tex/latex/l3backend/l3backend-pdftex.def
File: l3backend-pdftex.def 2022-02-07 L3 backend support: PDF output (pdfTeX)
\l__color_backend_stack_int=\count296
\l__pdf_internal_box=\box61
) (./manuscript.aux)
\openout1 = `manuscript.aux'.

LaTeX Font Info:    Checking defaults for OML/cmm/m/it on input line 13.
LaTeX Font Info:    ... okay on input line 13.
LaTeX Font Info:    Checking defaults for OMS/cmsy/m/n on input line 13.
LaTeX Font Info:    ... okay on input line 13.
LaTeX Font Info:    Checking defaults for OT1/cmr/m/n on input line 13.
LaTeX Font Info:    ... okay on input line 13.
LaTeX Font Info:    Checking defaults for T1/cmr/m/n on input line 13.
LaTeX Font Info:    ... okay on input line 13.
LaTeX Font Info:    Checking defaults for TS1/cmr/m/n on input line 13.
LaTeX Font Info:    ... okay on input line 13.
LaTeX Font Info:    Checking defaults for OMX/cmex/m/n on input line 13.
LaTeX Font Info:    ... okay on input line 13.
LaTeX Font Info:    Checking defaults for U/cmr/m/n on input line 13.
LaTeX Font Info:    ... okay on input line 13.
LaTeX Font Info:    Checking defaults for PD1/pdf/m/n on input line 13.
LaTeX Font Info:    ... okay on input line 13.
LaTeX Font Info:    Checking defaults for PU/pdf/m/n on input line 13.
LaTeX Font Info:    ... okay on input line 13.
 (/usr/local/texlive/2022/texmf-dist/tex/context/base/mkii/supp-pdf.mkii
[Loading MPS to PDF converter (version 2006.09.02).]
\scratchcounter=\count297
\scratchdimen=\dimen175
\scratchbox=\box62
\nofMPsegments=\count298
\nofMParguments=\count299
\everyMPshowfont=\toks24
\MPscratchCnt=\count300
\MPscratchDim=\dimen176
\MPnumerator=\count301
\makeMPintoPDFobject=\count302
\everyMPtoPDFconversion=\toks25
) (/usr/local/texlive/2022/texmf-dist/tex/latex/epstopdf-pkg/epstopdf-base.sty
Package: epstopdf-base 2020-01-24 v2.11 Base part for package epstopdf
Package epstopdf-base Info: Redefining graphics rule for `.eps' on input line 485.
 (/usr/local/texlive/2022/texmf-dist/tex/latex/latexconfig/epstopdf-sys.cfg
File: epstopdf-sys.cfg 2010/07/13 v1.3 Configuration of (r)epstopdf for TeX Live
))
Package hyperref Info: Link coloring OFF on input line 13.
 (/usr/local/texlive/2022/texmf-dist/tex/latex/hyperref/nameref.sty
Package: nameref 2021-04-02 v2.47 Cross-referencing by name of section
 (/usr/local/texlive/2022/texmf-dist/tex/latex/refcount/refcount.sty
Package: refcount 2019/12/15 v3.6 Data extraction from label references (HO)
) (/usr/local/texlive/2022/texmf-dist/tex/generic/gettitlestring/gettitlestring.sty
Package: gettitlestring 2019/12/15 v1.6 Cleanup title references (HO)
)
\c@section@level=\count303
)
LaTeX Info: Redefining \ref on input line 13.
LaTeX Info: Redefining \pageref on input line 13.
LaTeX Info: Redefining \nameref on input line 13.
 (./manuscript.out) (./manuscript.out)
\@outlinefile=\write3
\openout3 = `manuscript.out'.


Underfull \hbox (badness 10000) in paragraph at lines 15--15
[]\OT1/ptm/m/sc/17.28 Learning Het-ero-ge-neous Tab-u-lar Tasks
 []


Underfull \hbox (badness 1072) in paragraph at lines 15--15
\OT1/ptm/m/sc/17.28 through Mul-ti-regime Pre-train-ing of Prior-
 []

LaTeX Font Info:    Trying to load font information for U+msa on input line 15.
(/usr/local/texlive/2022/texmf-dist/tex/latex/amsfonts/umsa.fd
File: umsa.fd 2013/01/14 v3.01 AMS symbols A
)
LaTeX Font Info:    Trying to load font information for U+msb on input line 15.
 (/usr/local/texlive/2022/texmf-dist/tex/latex/amsfonts/umsb.fd
File: umsb.fd 2013/01/14 v3.01 AMS symbols B
) [1{/usr/local/texlive/2022/texmf-var/fonts/map/pdftex/updmap/pdftex.map}

]
Underfull \vbox (badness 10000) has occurred while \output is active []

 [2]
LaTeX Font Info:    Trying to load font information for OT1+pcr on input line 44.
 (/usr/local/texlive/2022/texmf-dist/tex/latex/psnfss/ot1pcr.fd
File: ot1pcr.fd 2001/06/04 font definitions for OT1/pcr.
)

pdfTeX warning: pdflatex (file ../native//figure1_native_multiregime.pdf): PDF inclusion: found PDF version <1.7>, but at most version <1.5> allowed
<../native//figure1_native_multiregime.pdf, id=142, 520.34396pt x 409.04819pt>
File: ../native//figure1_native_multiregime.pdf Graphic file (type pdf)
<use ../native//figure1_native_multiregime.pdf>
Package pdftex.def Info: ../native//figure1_native_multiregime.pdf  used on input line 53.
(pdftex.def)             Requested size: 341.83733pt x 268.7368pt.

Underfull \vbox (badness 3989) has occurred while \output is active []

 [3]
Underfull \vbox (badness 10000) has occurred while \output is active []

 [4 <../native//figure1_native_multiregime.pdf>] [5]
<../native//figure2_native_matched_effects.pdf, id=531, 525.6816pt x 287.13211pt>
File: ../native//figure2_native_matched_effects.pdf Graphic file (type pdf)
<use ../native//figure2_native_matched_effects.pdf>
Package pdftex.def Info: ../native//figure2_native_matched_effects.pdf  used on input line 106.
(pdftex.def)             Requested size: 365.68546pt x 199.74681pt.
 (./main_mechanism_table.tex [6 <../native//figure2_native_matched_effects.pdf>]) (./main_balance_table.tex) [7] [8] [9] (./manuscript.bbl
Underfull \hbox (badness 1360) in paragraph at lines 18--23
[]\OT1/ptm/m/n/10 Leo Breiman.  Ran-dom forests.  \OT1/ptm/m/it/10 Ma-chine Learn-ing\OT1/ptm/m/n/10 , 45(1):5--32, 2001.  doi: $10 . 1023 /
 []


Underfull \hbox (badness 3138) in paragraph at lines 18--23
\OT1/ptm/m/n/10 A : 1010933404324$.  URL []$\OT1/pcr/m/n/10 https : / / link . springer . com / article / 10 . 1023 / A :
 []


Underfull \hbox (badness 10000) in paragraph at lines 41--48
[]\OT1/ptm/m/n/10 Josh Gard-ner, Zo-ran Popovic, and Lud-wig Schmidt.  Bench-mark-ing dis-tri-bu-tion
 []


Underfull \hbox (badness 3219) in paragraph at lines 41--48
\OT1/ptm/m/n/10 shift in tab-u-lar data with Ta-bleShift.  In \OT1/ptm/m/it/10 Ad-vances in Neu-ral In-for-ma-tion Pro-cess-
 []


Underfull \hbox (badness 6428) in paragraph at lines 41--48
\OT1/ptm/m/it/10 ing Sys-tems\OT1/ptm/m/n/10 , vol-ume 36, pp. 53385--53432, 2023.  doi: $10 . 52202 / 075280-[]2324$.
 []


Underfull \hbox (badness 10000) in paragraph at lines 41--48
\OT1/ptm/m/n/10 URL []$\OT1/pcr/m/n/10 https : / / proceedings . neurips . cc / paper _ files / paper / 2023 /
 []


Underfull \hbox (badness 10000) in paragraph at lines 41--48
\OT1/pcr/m/n/10 hash / a76a757ed479a1e6a5f8134bea492f83-[]Abstract-[]Datasets _ and _
 []

[10] [11]) [12]
Underfull \hbox (badness 4819) in paragraph at lines 173--174
\OT1/ptm/m/n/10 point files $\OT1/pcr/m/n/10 tabicl-[]classifier-[]v1-[]20250208 . ckpt$\OT1/ptm/m/n/10 , $\OT1/pcr/m/n/10 tabicl-[]classifier-[]v1 .
 []


Underfull \hbox (badness 1210) in paragraph at lines 173--174
\OT1/pcr/m/n/10 1-[]20250506 . ckpt$\OT1/ptm/m/n/10 , and $\OT1/pcr/m/n/10 tabicl-[]classifier-[]v2-[]20260212 . ckpt$\OT1/ptm/m/n/10 ; the Slurm de-
 []

[13

] (./appendix_c_balance_tables.tex)
<../../figures/native/cells//native_large_excess_ce_cells_test.png, id=685, 1589.94pt x 939.51pt>
File: ../../figures/native/cells//native_large_excess_ce_cells_test.png Graphic file (type png)
<use ../../figures/native/cells//native_large_excess_ce_cells_test.png>
Package pdftex.def Info: ../../figures/native/cells//native_large_excess_ce_cells_test.png  used on input line 190.
(pdftex.def)             Requested size: 365.68546pt x 216.08275pt.


LaTeX Warning: `h' float specifier changed to `ht'.

<../../figures/native/history//native_history.png, id=687, 1517.67pt x 1300.86pt>
File: ../../figures/native/history//native_history.png Graphic file (type png)
<use ../../figures/native/history//native_history.png>
Package pdftex.def Info: ../../figures/native/history//native_history.png  used on input line 192.
(pdftex.def)             Requested size: 357.73405pt x 306.61522pt.

LaTeX Warning: `h' float specifier changed to `ht'.

[14] [15 <../../figures/native/cells//native_large_excess_ce_cells_test.png>] [16 <../../figures/native/history//native_history.png>] (./appendix_d_tables.tex
Underfull \hbox (badness 10000) in alignment at lines 2--4
[] [] [] [] []
 []


Underfull \hbox (badness 10000) in alignment at lines 4--5
[] [] [] [] []
 []


Underfull \hbox (badness 10000) in alignment at lines 5--6
[] [] [] [] []
 []


Underfull \hbox (badness 10000) in alignment at lines 6--46
[] [] [] [] []
 []


Underfull \hbox (badness 10000) in alignment at lines 48--50
[] [] [] [] []
 []


Underfull \hbox (badness 10000) in alignment at lines 50--51
[] [] [] [] []
 []


Underfull \hbox (badness 10000) in alignment at lines 51--52
[] [] [] [] []
 []


Underfull \hbox (badness 10000) in alignment at lines 52--92
[] [] [] [] []
 []

[17

])
<../../figures/native//regime_information_prediction_comparison_r_z.png, id=720, 899.1045pt x 885.3075pt>
File: ../../figures/native//regime_information_prediction_comparison_r_z.png Graphic file (type png)
<use ../../figures/native//regime_information_prediction_comparison_r_z.png>
Package pdftex.def Info: ../../figures/native//regime_information_prediction_comparison_r_z.png  used on input line 201.
(pdftex.def)             Requested size: 349.78873pt x 344.41748pt.


LaTeX Warning: `h' float specifier changed to `ht'.

<../../figures/native//regime_information_prediction_comparison_g_z.png, id=721, 899.1045pt x 885.3075pt>
File: ../../figures/native//regime_information_prediction_comparison_g_z.png Graphic file (type png)
<use ../../figures/native//regime_information_prediction_comparison_g_z.png>
Package pdftex.def Info: ../../figures/native//regime_information_prediction_comparison_g_z.png  used on input line 203.
(pdftex.def)             Requested size: 349.78873pt x 344.41748pt.

LaTeX Warning: `h' float specifier changed to `ht'.

<../../figures/native//regime_information_input_effects.png, id=724, 899.1045pt x 895.491pt>
File: ../../figures/native//regime_information_input_effects.png Graphic file (type png)
<use ../../figures/native//regime_information_input_effects.png>
Package pdftex.def Info: ../../figures/native//regime_information_input_effects.png  used on input line 206.
(pdftex.def)             Requested size: 397.48499pt x 395.88924pt.

LaTeX Warning: `h' float specifier changed to `ht'.

<../../figures/native//regime_information_conditions_r_z.png, id=725, 871.839pt x 895.1625pt>
File: ../../figures/native//regime_information_conditions_r_z.png Graphic file (type png)
<use ../../figures/native//regime_information_conditions_r_z.png>
Package pdftex.def Info: ../../figures/native//regime_information_conditions_r_z.png  used on input line 208.
(pdftex.def)             Requested size: 397.48499pt x 408.11913pt.

LaTeX Warning: `h' float specifier changed to `ht'.

<../../figures/native//regime_information_conditions_g_z.png, id=726, 871.839pt x 895.1625pt>
File: ../../figures/native//regime_information_conditions_g_z.png Graphic file (type png)
<use ../../figures/native//regime_information_conditions_g_z.png>
Package pdftex.def Info: ../../figures/native//regime_information_conditions_g_z.png  used on input line 210.
(pdftex.def)             Requested size: 397.48499pt x 408.11913pt.

LaTeX Warning: `h' float specifier changed to `ht'.

[18] [19 <../../figures/native//regime_information_prediction_comparison_r_z.png>] [20 <../../figures/native//regime_information_prediction_comparison_g_z.png>] [21 <../../figures/native//regime_information_input_effects.png>] [22 <../../figures/native//regime_information_conditions_r_z.png>] [23 <../../figures/native//regime_information_conditions_g_z.png>] (./appendix_observed_id_table.tex) [24

]
Underfull \hbox (badness 1389) in paragraph at lines 229--230
\OT1/ptm/m/n/10 one bi-nary grouped, six mul-ti-class IID, two mul-ti-class grouped, and one mul-ti-class tem-
 []


Underfull \hbox (badness 2828) in paragraph at lines 229--230
\OT1/ptm/m/n/10 po-ral task. The three grouped tasks hold out many small groups rather than a few
 []


Underfull \hbox (badness 2726) in paragraph at lines 229--230
\OT1/ptm/m/n/10 large ones, com-puted di-rectly from each task's group col-umn via Data Foundry 0.0.5:
 []

(./appendix_tables.tex
Underfull \hbox (badness 10000) in alignment at lines 2--12
[] [] [] []
 []


Underfull \hbox (badness 10000) in alignment at lines 14--24
[] [] [] [] [] []
 []

[25]
Underfull \hbox (badness 10000) in alignment at lines 26--36
[] [] [] [] [] []
 []


Underfull \hbox (badness 10000) in alignment at lines 38--40
[] [] [] [] []
 []


Underfull \hbox (badness 10000) in alignment at lines 40--41
[] [] [] [] []
 []


Underfull \hbox (badness 10000) in alignment at lines 41--42
[] [] [] [] []
 []


Underfull \hbox (badness 10000) in alignment at lines 42--79
[] [] [] [] []
 []

[26]
Underfull \hbox (badness 10000) in alignment at lines 82--85
[] [] [] [] [] [] [] []
 []


Underfull \hbox (badness 10000) in alignment at lines 85--87
[] [] [] [] [] [] [] []
 []


Underfull \hbox (badness 10000) in alignment at lines 87--88
[] [] [] [] [] [] [] []
 []


Underfull \hbox (badness 10000) in paragraph at lines 98--98
[]|\OT1/ptm/m/n/9 hazelnut[]spread[]contaminant[]
 []


Underfull \hbox (badness 10000) in paragraph at lines 115--115
[]|\OT1/ptm/m/n/9 parkinsons[]biomedical[]voice[]
 []


Underfull \hbox (badness 10000) in paragraph at lines 117--117
[]|\OT1/ptm/m/n/9 biomechanical[]orthopaedic[]
 []


Underfull \hbox (badness 10000) in alignment at lines 88--126
[] [] [] [] [] [] [] []
 []


Underfull \hbox (badness 3019) in paragraph at lines 130--130
[]\OT1/ptm/m/n/9 Table 16: Per-task Be-yon-dArena Ex-cess cross-entropy (nats; lower is
 []


Underfull \hbox (badness 2591) in paragraph at lines 130--130
\OT1/ptm/m/n/9 bet-ter): large na-tive and ref-er-ence mod-els. O/F/C are na-tive single-
 []


Underfull \hbox (badness 10000) in alignment at lines 129--132
[] [] [] [] [] [] [] [] []
 []


Underfull \hbox (badness 10000) in alignment at lines 132--134
[] [] [] [] [] [] [] [] []
 []


Underfull \hbox (badness 10000) in alignment at lines 134--135
[] [] [] [] [] [] [] [] []
 []


Underfull \hbox (badness 10000) in paragraph at lines 145--145
[]|\OT1/ptm/m/n/9 hazelnut[]spread[]contaminant[]
 []


Underfull \hbox (badness 10000) in paragraph at lines 162--162
[]|\OT1/ptm/m/n/9 parkinsons[]biomedical[]voice[]
 []


Underfull \hbox (badness 10000) in paragraph at lines 164--164
[]|\OT1/ptm/m/n/9 biomechanical[]orthopaedic[]
 []


Underfull \hbox (badness 10000) in alignment at lines 135--173
[] [] [] [] [] [] [] [] []
 []

[27]
Underfull \hbox (badness 10000) in alignment at lines 176--179
[] [] [] [] [] [] [] []
 []


Underfull \hbox (badness 10000) in alignment at lines 179--181
[] [] [] [] [] [] [] []
 []


Underfull \hbox (badness 10000) in alignment at lines 181--182
[] [] [] [] [] [] [] []
 []


Underfull \hbox (badness 10000) in paragraph at lines 192--192
[]|\OT1/ptm/m/n/9 hazelnut[]spread[]contaminant[]
 []


Underfull \hbox (badness 10000) in paragraph at lines 209--209
[]|\OT1/ptm/m/n/9 parkinsons[]biomedical[]voice[]
 []


Underfull \hbox (badness 10000) in paragraph at lines 211--211
[]|\OT1/ptm/m/n/9 biomechanical[]orthopaedic[]
 []


Underfull \hbox (badness 10000) in alignment at lines 182--220
[] [] [] [] [] [] [] []
 []

[28]
Underfull \hbox (badness 10000) in alignment at lines 223--226
[] [] [] [] [] [] [] [] []
 []


Underfull \hbox (badness 10000) in alignment at lines 226--228
[] [] [] [] [] [] [] [] []
 []


Underfull \hbox (badness 10000) in alignment at lines 228--229
[] [] [] [] [] [] [] [] []
 []


Underfull \hbox (badness 10000) in paragraph at lines 239--239
[]|\OT1/ptm/m/n/9 hazelnut[]spread[]contaminant[]
 []


Underfull \hbox (badness 10000) in paragraph at lines 256--256
[]|\OT1/ptm/m/n/9 parkinsons[]biomedical[]voice[]
 []


Underfull \hbox (badness 10000) in paragraph at lines 258--258
[]|\OT1/ptm/m/n/9 biomechanical[]orthopaedic[]
 []


Underfull \hbox (badness 10000) in alignment at lines 229--267
[] [] [] [] [] [] [] [] []
 []

[29]
Underfull \hbox (badness 10000) in alignment at lines 270--273
[] [] [] [] [] [] [] []
 []


Underfull \hbox (badness 10000) in alignment at lines 273--275
[] [] [] [] [] [] [] []
 []


Underfull \hbox (badness 10000) in alignment at lines 275--276
[] [] [] [] [] [] [] []
 []


Underfull \hbox (badness 10000) in paragraph at lines 286--286
[]|\OT1/ptm/m/n/9 hazelnut[]spread[]contaminant[]
 []


Underfull \hbox (badness 10000) in paragraph at lines 303--303
[]|\OT1/ptm/m/n/9 parkinsons[]biomedical[]voice[]
 []


Underfull \hbox (badness 10000) in paragraph at lines 305--305
[]|\OT1/ptm/m/n/9 biomechanical[]orthopaedic[]
 []


Underfull \hbox (badness 10000) in alignment at lines 276--314
[] [] [] [] [] [] [] []
 []

[30]
Underfull \hbox (badness 1701) in paragraph at lines 318--318
[]\OT1/ptm/m/n/9 Table 20: Per-task Be-yon-dArena Macro one-versus-rest AUC (higher is
 []


Underfull \hbox (badness 2591) in paragraph at lines 318--318
\OT1/ptm/m/n/9 bet-ter): large na-tive and ref-er-ence mod-els. O/F/C are na-tive single-
 []


Underfull \hbox (badness 10000) in alignment at lines 317--320
[] [] [] [] [] [] [] [] []
 []


Underfull \hbox (badness 10000) in alignment at lines 320--322
[] [] [] [] [] [] [] [] []
 []


Underfull \hbox (badness 10000) in alignment at lines 322--323
[] [] [] [] [] [] [] [] []
 []


Underfull \hbox (badness 10000) in paragraph at lines 333--333
[]|\OT1/ptm/m/n/9 hazelnut[]spread[]contaminant[]
 []


Underfull \hbox (badness 10000) in paragraph at lines 350--350
[]|\OT1/ptm/m/n/9 parkinsons[]biomedical[]voice[]
 []


Underfull \hbox (badness 10000) in paragraph at lines 352--352
[]|\OT1/ptm/m/n/9 biomechanical[]orthopaedic[]
 []


Underfull \hbox (badness 10000) in alignment at lines 323--361
[] [] [] [] [] [] [] [] []
 []

[31])
<../../figures/beyondarena_v4//beyondarena_heatmap_rank_native.png, id=827, 1420.434pt x 1049.886pt>
File: ../../figures/beyondarena_v4//beyondarena_heatmap_rank_native.png Graphic file (type png)
<use ../../figures/beyondarena_v4//beyondarena_heatmap_rank_native.png>
Package pdftex.def Info: ../../figures/beyondarena_v4//beyondarena_heatmap_rank_native.png  used on input line 235.
(pdftex.def)             Requested size: 337.86465pt x 249.71898pt.
 [32 <../../figures/beyondarena_v4//beyondarena_heatmap_rank_native.png>] (./appendix_f_table.tex) [33

] [34] (./manuscript.aux)
Package rerunfilecheck Info: File `manuscript.out' has not changed.
(rerunfilecheck)             Checksum: 0B80FA4933D7A2F241B27FCE7618D443;2605.
 ) 
Here is how much of TeX's memory you used:
 11290 strings out of 478268
 172986 string characters out of 5846347
 536976 words of memory out of 5000000
 29154 multiletter control sequences out of 15000+600000
 498917 words of font info for 89 fonts, out of 8000000 for 9000
 1141 hyphenation exceptions out of 8191
 61i,12n,75p,2193b,483s stack positions out of 10000i,1000n,20000p,200000b,200000s
{/usr/local/texlive/2022/texmf-dist/fonts/enc/dvips/base/8r.enc}</usr/local/texlive/2022/texmf-dist/fonts/type1/public/amsfonts/cm/cmmi10.pfb></usr/local/texlive/2022/texmf-dist/fonts/type1/public/amsfonts/cm/cmmi6.pfb></usr/local/texlive/2022/texmf-dist/fonts/type1/public/amsfonts/cm/cmmi7.pfb></usr/local/texlive/2022/texmf-dist/fonts/type1/public/amsfonts/cm/cmmi9.pfb></usr/local/texlive/2022/texmf-dist/fonts/type1/public/amsfonts/cm/cmr10.pfb></usr/local/texlive/2022/texmf-dist/fonts/type1/public/amsfonts/cm/cmr7.pfb></usr/local/texlive/2022/texmf-dist/fonts/type1/public/amsfonts/cm/cmr9.pfb></usr/local/texlive/2022/texmf-dist/fonts/type1/public/amsfonts/cm/cmsy10.pfb></usr/local/texlive/2022/texmf-dist/fonts/type1/public/amsfonts/cm/cmsy7.pfb></usr/local/texlive/2022/texmf-dist/fonts/type1/public/amsfonts/cm/cmsy9.pfb></usr/local/texlive/2022/texmf-dist/fonts/type1/urw/courier/ucrr8a.pfb></usr/local/texlive/2022/texmf-dist/fonts/type1/urw/helvetic/uhvb8a.pfb></usr/local/texlive/2022/texmf-dist/fonts/type1/urw/times/utmb8a.pfb></usr/local/texlive/2022/texmf-dist/fonts/type1/urw/times/utmr8a.pfb></usr/local/texlive/2022/texmf-dist/fonts/type1/urw/times/utmri8a.pfb>
Output written on manuscript.pdf (34 pages, 3495878 bytes).
PDF statistics:
 941 PDF objects out of 1000 (max. 8388607)
 735 compressed objects within 8 object streams
 124 named destinations out of 1000 (max. 500000)
 163 words of extra memory for PDF output out of 10000 (max. 10000000)

